d:\sgfs\adcnydec\adcnymvs\x64\debug\adcnymvs.pch
d:\sgfs\adcnydec\adcnymvs\x64\debug\vc143.pdb
d:\sgfs\adcnydec\adcnymvs\x64\debug\vc143.idb
d:\sgfs\adcnydec\adcnymvs\x64\debug\pch.obj
d:\sgfs\adcnydec\adcnymvs\x64\debug\mvsware.obj
d:\sgfs\adcnydec\adcnymvs\x64\debug\mvsstore.obj
d:\sgfs\adcnydec\adcnymvs\x64\debug\dllmain.obj
d:\sgfs\adcnydec\x64\debug\adcnymvs.dll
d:\sgfs\adcnydec\x64\debug\adcnymvs.pdb
d:\sgfs\adcnydec\x64\debug\adcnymvs.lib
d:\sgfs\adcnydec\x64\debug\adcnymvs.exp
d:\sgfs\adcnydec\adcnymvs\x64\debug\adcnymvs.ilk
d:\sgfs\adcnydec\adcnymvs\x64\debug\adcnymvs.tlog\cl.command.1.tlog
d:\sgfs\adcnydec\adcnymvs\x64\debug\adcnymvs.tlog\cl.items.tlog
d:\sgfs\adcnydec\adcnymvs\x64\debug\adcnymvs.tlog\cl.read.1.tlog
d:\sgfs\adcnydec\adcnymvs\x64\debug\adcnymvs.tlog\cl.write.1.tlog
d:\sgfs\adcnydec\adcnymvs\x64\debug\adcnymvs.tlog\link.command.1.tlog
d:\sgfs\adcnydec\adcnymvs\x64\debug\adcnymvs.tlog\link.read.1.tlog
d:\sgfs\adcnydec\adcnymvs\x64\debug\adcnymvs.tlog\link.secondary.1.tlog
d:\sgfs\adcnydec\adcnymvs\x64\debug\adcnymvs.tlog\link.write.1.tlog
