  pch.cpp
  AccLibary.cpp
D:\sgfs\Adcnydec\AdcnyAcc\AccLibary.h(49,32): warning C4251: “AccLibary::workers”:“std::vector<std::thread,std::allocator<std::thread>>”需要有 dll 接口以供“AccLibary”的客户端使用
  (编译源文件“/AccLibary.cpp”)
      C:\Program Files\Microsoft Visual Studio\2022\Community\VC\Tools\MSVC\14.44.35207\include\vector(442,7):
      参见“std::vector<std::thread,std::allocator<std::thread>>”的声明
  
D:\sgfs\Adcnydec\AdcnyAcc\AccLibary.h(51,41): warning C4251: “AccLibary::tasks”:“std::queue<std::function<void (void)>,std::deque<std::function<void (void)>,std::allocator<std::function<void (void)>>>>”需要有 dll 接口以供“AccLibary”的客户端使用
  (编译源文件“/AccLibary.cpp”)
      C:\Program Files\Microsoft Visual Studio\2022\Community\VC\Tools\MSVC\14.44.35207\include\queue(34,7):
      参见“std::queue<std::function<void (void)>,std::deque<std::function<void (void)>,std::allocator<std::function<void (void)>>>>”的声明
  
D:\sgfs\Adcnydec\AdcnyAcc\AccLibary.h(53,16): warning C4251: “AccLibary::queue_mutex”:“std::mutex”需要有 dll 接口以供“AccLibary”的客户端使用
  (编译源文件“/AccLibary.cpp”)
      C:\Program Files\Microsoft Visual Studio\2022\Community\VC\Tools\MSVC\14.44.35207\include\mutex(98,19):
      参见“std::mutex”的声明
  
D:\sgfs\Adcnydec\AdcnyAcc\AccLibary.h(54,29): warning C4251: “AccLibary::condition”:“std::condition_variable”需要有 dll 接口以供“AccLibary”的客户端使用
  (编译源文件“/AccLibary.cpp”)
      C:\Program Files\Microsoft Visual Studio\2022\Community\VC\Tools\MSVC\14.44.35207\include\mutex(523,19):
      参见“std::condition_variable”的声明
  
  dllmain.cpp
  正在生成代码...
    正在创建库 ..\x64\Debug\AdcnyAcc.lib 和对象 ..\x64\Debug\AdcnyAcc.exp
  AdcnyAcc.vcxproj -> D:\sgfs\Adcnydec\x64\Debug\AdcnyAcc.dll
  'pwsh.exe' 不是内部或外部命令，也不是可运行的程序
  或批处理文件。
