d:\driveforminfo\adcnydec\adcnycck\x64\release\adcnycck.pch
d:\driveforminfo\adcnydec\adcnycck\x64\release\vc143.pdb
d:\driveforminfo\adcnydec\adcnycck\x64\release\pch.obj
d:\driveforminfo\adcnydec\adcnycck\x64\release\edgecal.obj
d:\driveforminfo\adcnydec\adcnycck\x64\release\dllmain.obj
d:\driveforminfo\adcnydec\adcnycck\x64\release\crack.obj
d:\driveforminfo\adcnydec\x64\release\adcnycck.dll
d:\driveforminfo\adcnydec\x64\release\adcnycck.pdb
d:\driveforminfo\adcnydec\x64\release\adcnycck.lib
d:\driveforminfo\adcnydec\x64\release\adcnycck.exp
d:\driveforminfo\adcnydec\adcnycck\x64\release\adcnycck.ipdb
d:\driveforminfo\adcnydec\adcnycck\x64\release\adcnycck.iobj
d:\driveforminfo\adcnydec\adcnycck\x64\release\adcnycck.tlog\cl.command.1.tlog
d:\driveforminfo\adcnydec\adcnycck\x64\release\adcnycck.tlog\cl.items.tlog
d:\driveforminfo\adcnydec\adcnycck\x64\release\adcnycck.tlog\cl.read.1.tlog
d:\driveforminfo\adcnydec\adcnycck\x64\release\adcnycck.tlog\cl.write.1.tlog
d:\driveforminfo\adcnydec\adcnycck\x64\release\adcnycck.tlog\link.command.1.tlog
d:\driveforminfo\adcnydec\adcnycck\x64\release\adcnycck.tlog\link.read.1.tlog
d:\driveforminfo\adcnydec\adcnycck\x64\release\adcnycck.tlog\link.secondary.1.tlog
d:\driveforminfo\adcnydec\adcnycck\x64\release\adcnycck.tlog\link.write.1.tlog
