d:\sgfs\adcnydec\adcnyvds\x64\debug\adcnyvds.pch
d:\sgfs\adcnydec\adcnyvds\x64\debug\vc143.pdb
d:\sgfs\adcnydec\adcnyvds\x64\debug\vc143.idb
d:\sgfs\adcnydec\adcnyvds\x64\debug\pch.obj
d:\sgfs\adcnydec\adcnyvds\x64\debug\flysilkdec.obj
d:\sgfs\adcnydec\adcnyvds\x64\debug\edgecalsilk.obj
d:\sgfs\adcnydec\adcnyvds\x64\debug\dllmain.obj
d:\sgfs\adcnydec\x64\debug\adcnyvds.dll
d:\sgfs\adcnydec\x64\debug\adcnyvds.pdb
d:\sgfs\adcnydec\x64\debug\adcnyvds.lib
d:\sgfs\adcnydec\x64\debug\adcnyvds.exp
d:\sgfs\adcnydec\adcnyvds\x64\debug\adcnyvds.ilk
d:\sgfs\adcnydec\adcnyvds\x64\debug\adcnyvds.tlog\cl.command.1.tlog
d:\sgfs\adcnydec\adcnyvds\x64\debug\adcnyvds.tlog\cl.items.tlog
d:\sgfs\adcnydec\adcnyvds\x64\debug\adcnyvds.tlog\cl.read.1.tlog
d:\sgfs\adcnydec\adcnyvds\x64\debug\adcnyvds.tlog\cl.write.1.tlog
d:\sgfs\adcnydec\adcnyvds\x64\debug\adcnyvds.tlog\link.command.1.tlog
d:\sgfs\adcnydec\adcnyvds\x64\debug\adcnyvds.tlog\link.read.1.tlog
d:\sgfs\adcnydec\adcnyvds\x64\debug\adcnyvds.tlog\link.secondary.1.tlog
d:\sgfs\adcnydec\adcnyvds\x64\debug\adcnyvds.tlog\link.write.1.tlog
