d:\sgfs\adcnydec\adcnybse\x64\debug\adcnybse.pch
d:\sgfs\adcnydec\adcnybse\x64\debug\vc143.pdb
d:\sgfs\adcnydec\adcnybse\x64\debug\vc143.idb
d:\sgfs\adcnydec\adcnybse\x64\debug\pch.obj
d:\sgfs\adcnydec\adcnybse\x64\debug\imgop.obj
d:\sgfs\adcnydec\adcnybse\x64\debug\imgcal.obj
d:\sgfs\adcnydec\adcnybse\x64\debug\dllmain.obj
d:\sgfs\adcnydec\adcnybse\x64\debug\decadapter.obj
d:\sgfs\adcnydec\x64\debug\adcnybse.dll
d:\sgfs\adcnydec\x64\debug\adcnybse.pdb
d:\sgfs\adcnydec\x64\debug\adcnybse.lib
d:\sgfs\adcnydec\x64\debug\adcnybse.exp
d:\sgfs\adcnydec\adcnybse\x64\debug\adcnybse.ilk
d:\sgfs\adcnydec\adcnybse\x64\debug\adcnybse.tlog\cl.command.1.tlog
d:\sgfs\adcnydec\adcnybse\x64\debug\adcnybse.tlog\cl.items.tlog
d:\sgfs\adcnydec\adcnybse\x64\debug\adcnybse.tlog\cl.read.1.tlog
d:\sgfs\adcnydec\adcnybse\x64\debug\adcnybse.tlog\cl.write.1.tlog
d:\sgfs\adcnydec\adcnybse\x64\debug\adcnybse.tlog\link.command.1.tlog
d:\sgfs\adcnydec\adcnybse\x64\debug\adcnybse.tlog\link.read.1.tlog
d:\sgfs\adcnydec\adcnybse\x64\debug\adcnybse.tlog\link.secondary.1.tlog
d:\sgfs\adcnydec\adcnybse\x64\debug\adcnybse.tlog\link.write.1.tlog
