d:\driveforminfo\adcnydec\adcnyfam\x64\release\adcnyfam.pch
d:\driveforminfo\adcnydec\adcnyfam\x64\release\vc143.pdb
d:\driveforminfo\adcnydec\adcnyfam\x64\release\pch.obj
d:\driveforminfo\adcnydec\adcnyfam\x64\release\wholedec.obj
d:\driveforminfo\adcnydec\adcnyfam\x64\release\edgcaltcm.obj
d:\driveforminfo\adcnydec\adcnyfam\x64\release\dllmain.obj
d:\driveforminfo\adcnydec\x64\release\adcnyfam.dll
d:\driveforminfo\adcnydec\x64\release\adcnyfam.pdb
d:\driveforminfo\adcnydec\x64\release\adcnyfam.lib
d:\driveforminfo\adcnydec\x64\release\adcnyfam.exp
d:\driveforminfo\adcnydec\adcnyfam\x64\release\adcnyfam.ipdb
d:\driveforminfo\adcnydec\adcnyfam\x64\release\adcnyfam.iobj
d:\driveforminfo\adcnydec\adcnyfam\x64\release\adcnyfam.tlog\cl.command.1.tlog
d:\driveforminfo\adcnydec\adcnyfam\x64\release\adcnyfam.tlog\cl.items.tlog
d:\driveforminfo\adcnydec\adcnyfam\x64\release\adcnyfam.tlog\cl.read.1.tlog
d:\driveforminfo\adcnydec\adcnyfam\x64\release\adcnyfam.tlog\cl.write.1.tlog
d:\driveforminfo\adcnydec\adcnyfam\x64\release\adcnyfam.tlog\link.command.1.tlog
d:\driveforminfo\adcnydec\adcnyfam\x64\release\adcnyfam.tlog\link.read.1.tlog
d:\driveforminfo\adcnydec\adcnyfam\x64\release\adcnyfam.tlog\link.secondary.1.tlog
d:\driveforminfo\adcnydec\adcnyfam\x64\release\adcnyfam.tlog\link.write.1.tlog
