d:\sgfs\adcnydec\adcnybsl\x64\debug\adcnybsl.pch
d:\sgfs\adcnydec\adcnybsl\x64\debug\vc143.pdb
d:\sgfs\adcnydec\adcnybsl\x64\debug\vc143.idb
d:\sgfs\adcnydec\adcnybsl\x64\debug\pch.obj
d:\sgfs\adcnydec\adcnybsl\x64\debug\dllmain.obj
d:\sgfs\adcnydec\adcnybsl\x64\debug\bslware.obj
d:\sgfs\adcnydec\adcnybsl\x64\debug\bslstore.obj
d:\sgfs\adcnydec\x64\debug\adcnybsl.dll
d:\sgfs\adcnydec\x64\debug\adcnybsl.pdb
d:\sgfs\adcnydec\x64\debug\adcnybsl.lib
d:\sgfs\adcnydec\x64\debug\adcnybsl.exp
d:\sgfs\adcnydec\adcnybsl\x64\debug\adcnybsl.ilk
d:\sgfs\adcnydec\adcnybsl\x64\debug\adcnybsl.tlog\cl.command.1.tlog
d:\sgfs\adcnydec\adcnybsl\x64\debug\adcnybsl.tlog\cl.items.tlog
d:\sgfs\adcnydec\adcnybsl\x64\debug\adcnybsl.tlog\cl.read.1.tlog
d:\sgfs\adcnydec\adcnybsl\x64\debug\adcnybsl.tlog\cl.write.1.tlog
d:\sgfs\adcnydec\adcnybsl\x64\debug\adcnybsl.tlog\link.command.1.tlog
d:\sgfs\adcnydec\adcnybsl\x64\debug\adcnybsl.tlog\link.read.1.tlog
d:\sgfs\adcnydec\adcnybsl\x64\debug\adcnybsl.tlog\link.secondary.1.tlog
d:\sgfs\adcnydec\adcnybsl\x64\debug\adcnybsl.tlog\link.write.1.tlog
