d:\driveforminfo\adcnydec\adcnybse\x64\release\adcnybse.pch
d:\driveforminfo\adcnydec\adcnybse\x64\release\vc143.pdb
d:\driveforminfo\adcnydec\adcnybse\x64\release\pch.obj
d:\driveforminfo\adcnydec\adcnybse\x64\release\imgop.obj
d:\driveforminfo\adcnydec\adcnybse\x64\release\dllmain.obj
d:\driveforminfo\adcnydec\adcnybse\x64\release\decadapter.obj
d:\driveforminfo\adcnydec\x64\release\adcnybse.dll
d:\driveforminfo\adcnydec\x64\release\adcnybse.pdb
d:\driveforminfo\adcnydec\x64\release\adcnybse.lib
d:\driveforminfo\adcnydec\x64\release\adcnybse.exp
d:\driveforminfo\adcnydec\adcnybse\x64\release\adcnybse.ipdb
d:\driveforminfo\adcnydec\adcnybse\x64\release\adcnybse.iobj
d:\driveforminfo\adcnydec\adcnybse\x64\release\adcnybse.tlog\cl.command.1.tlog
d:\driveforminfo\adcnydec\adcnybse\x64\release\adcnybse.tlog\cl.items.tlog
d:\driveforminfo\adcnydec\adcnybse\x64\release\adcnybse.tlog\cl.read.1.tlog
d:\driveforminfo\adcnydec\adcnybse\x64\release\adcnybse.tlog\cl.write.1.tlog
d:\driveforminfo\adcnydec\adcnybse\x64\release\adcnybse.tlog\link.command.1.tlog
d:\driveforminfo\adcnydec\adcnybse\x64\release\adcnybse.tlog\link.read.1.tlog
d:\driveforminfo\adcnydec\adcnybse\x64\release\adcnybse.tlog\link.secondary.1.tlog
d:\driveforminfo\adcnydec\adcnybse\x64\release\adcnybse.tlog\link.write.1.tlog
