d:\driveforminfo\adcnydec\adncyedg\x64\release\adcnyedg.pch
d:\driveforminfo\adcnydec\adncyedg\x64\release\vc143.pdb
d:\driveforminfo\adcnydec\adncyedg\x64\release\pch.obj
d:\driveforminfo\adcnydec\adncyedg\x64\release\edgesin.obj
d:\driveforminfo\adcnydec\adncyedg\x64\release\edgeca.obj
d:\driveforminfo\adcnydec\adncyedg\x64\release\dllmain.obj
d:\driveforminfo\adcnydec\x64\release\adcnyedg.dll
d:\driveforminfo\adcnydec\x64\release\adcnyedg.pdb
d:\driveforminfo\adcnydec\x64\release\adcnyedg.lib
d:\driveforminfo\adcnydec\x64\release\adcnyedg.exp
d:\driveforminfo\adcnydec\adncyedg\x64\release\adcnyedg.ipdb
d:\driveforminfo\adcnydec\adncyedg\x64\release\adcnyedg.iobj
d:\driveforminfo\adcnydec\adncyedg\x64\release\adcnyedg.tlog\cl.command.1.tlog
d:\driveforminfo\adcnydec\adncyedg\x64\release\adcnyedg.tlog\cl.items.tlog
d:\driveforminfo\adcnydec\adncyedg\x64\release\adcnyedg.tlog\cl.read.1.tlog
d:\driveforminfo\adcnydec\adncyedg\x64\release\adcnyedg.tlog\cl.write.1.tlog
d:\driveforminfo\adcnydec\adncyedg\x64\release\adcnyedg.tlog\link.command.1.tlog
d:\driveforminfo\adcnydec\adncyedg\x64\release\adcnyedg.tlog\link.read.1.tlog
d:\driveforminfo\adcnydec\adncyedg\x64\release\adcnyedg.tlog\link.secondary.1.tlog
d:\driveforminfo\adcnydec\adncyedg\x64\release\adcnyedg.tlog\link.write.1.tlog
