d:\sgfs\adcnydec\adcnyedg\x64\debug\adcnyedg.pch
d:\sgfs\adcnydec\adcnyedg\x64\debug\vc143.pdb
d:\sgfs\adcnydec\adcnyedg\x64\debug\vc143.idb
d:\sgfs\adcnydec\adcnyedg\x64\debug\pch.obj
d:\sgfs\adcnydec\adcnyedg\x64\debug\edgesin.obj
d:\sgfs\adcnydec\adcnyedg\x64\debug\edgeca.obj
d:\sgfs\adcnydec\adcnyedg\x64\debug\dllmain.obj
d:\sgfs\adcnydec\x64\debug\adcnyedg.dll
d:\sgfs\adcnydec\x64\debug\adcnyedg.pdb
d:\sgfs\adcnydec\x64\debug\adcnyedg.lib
d:\sgfs\adcnydec\x64\debug\adcnyedg.exp
d:\sgfs\adcnydec\adcnyedg\x64\debug\adcnyedg.ilk
d:\sgfs\adcnydec\adcnyedg\x64\debug\adcnyedg.tlog\cl.command.1.tlog
d:\sgfs\adcnydec\adcnyedg\x64\debug\adcnyedg.tlog\cl.items.tlog
d:\sgfs\adcnydec\adcnyedg\x64\debug\adcnyedg.tlog\cl.read.1.tlog
d:\sgfs\adcnydec\adcnyedg\x64\debug\adcnyedg.tlog\cl.write.1.tlog
d:\sgfs\adcnydec\adcnyedg\x64\debug\adcnyedg.tlog\link.command.1.tlog
d:\sgfs\adcnydec\adcnyedg\x64\debug\adcnyedg.tlog\link.read.1.tlog
d:\sgfs\adcnydec\adcnyedg\x64\debug\adcnyedg.tlog\link.secondary.1.tlog
d:\sgfs\adcnydec\adcnyedg\x64\debug\adcnyedg.tlog\link.write.1.tlog
