C:\Program Files\Microsoft Visual Studio\2022\Community\MSBuild\Microsoft\VC\v170\Microsoft.CppBuild.targets(538,5): warning MSB8028: 中间目录(x64\Debug\)包含从另一个项目(AdncyEdg.vcxproj)共享的文件。   这会导致错误的清除和重新生成行为。
  pch.cpp
  dllmain.cpp
  EdgeCa.cpp
  EdgeSin.cpp
D:\DriveFormInfo\Adcnydec\include\imgOp.h(26,14): warning C4251: “imgOp::folder”:“std::basic_string<char,std::char_traits<char>,std::allocator<char>>”需要有 dll 接口以供“imgOp”的客户端使用
  (编译源文件“/EdgeSin.cpp”)
      C:\Program Files\Microsoft Visual Studio\2022\Community\VC\Tools\MSVC\14.44.35207\include\xstring(541,7):
      参见“std::basic_string<char,std::char_traits<char>,std::allocator<char>>”的声明
  
D:\DriveFormInfo\Adcnydec\AdncyEdg\EdgeSin.h(21,46): warning C4275: 非 dll 接口 class“ImgCal”用作 dll 接口 class“EdgeSin”的基
  (编译源文件“/EdgeSin.cpp”)
      D:\DriveFormInfo\Adcnydec\include\ImgCal.h(15,7):
      参见“ImgCal”的声明
      D:\DriveFormInfo\Adcnydec\AdncyEdg\EdgeSin.h(21,29):
      参见“EdgeSin”的声明
  
  正在生成代码...
    正在创建库 ..\x64\Debug\AdcnyEdg.lib 和对象 ..\x64\Debug\AdcnyEdg.exp
  AdncyEdg.vcxproj -> D:\DriveFormInfo\Adcnydec\x64\Debug\AdcnyEdg.dll
  'pwsh.exe' 不是内部或外部命令，也不是可运行的程序
  或批处理文件。
