d:\driveforminfo\adcnydec\adncyedg\x64\debug\adncyedg.pch
d:\driveforminfo\adcnydec\adncyedg\x64\debug\vc143.pdb
d:\driveforminfo\adcnydec\adncyedg\x64\debug\vc143.idb
d:\driveforminfo\adcnydec\adncyedg\x64\debug\pch.obj
d:\driveforminfo\adcnydec\adncyedg\x64\debug\edgesin.obj
d:\driveforminfo\adcnydec\adncyedg\x64\debug\edgeca.obj
d:\driveforminfo\adcnydec\adncyedg\x64\debug\dllmain.obj
d:\driveforminfo\adcnydec\x64\debug\adncyedg.dll
d:\driveforminfo\adcnydec\x64\debug\adncyedg.pdb
d:\driveforminfo\adcnydec\x64\debug\adncyedg.lib
d:\driveforminfo\adcnydec\x64\debug\adncyedg.exp
d:\driveforminfo\adcnydec\adncyedg\x64\debug\adncyedg.ilk
d:\driveforminfo\adcnydec\adncyedg\x64\debug\adncyedg.tlog\cl.command.1.tlog
d:\driveforminfo\adcnydec\adncyedg\x64\debug\adncyedg.tlog\cl.items.tlog
d:\driveforminfo\adcnydec\adncyedg\x64\debug\adncyedg.tlog\cl.read.1.tlog
d:\driveforminfo\adcnydec\adncyedg\x64\debug\adncyedg.tlog\cl.write.1.tlog
d:\driveforminfo\adcnydec\adncyedg\x64\debug\adncyedg.tlog\link.command.1.tlog
d:\driveforminfo\adcnydec\adncyedg\x64\debug\adncyedg.tlog\link.read.1.tlog
d:\driveforminfo\adcnydec\adncyedg\x64\debug\adncyedg.tlog\link.secondary.1.tlog
d:\driveforminfo\adcnydec\adncyedg\x64\debug\adncyedg.tlog\link.write.1.tlog
