d:\sgfs\adcnydec\adcnyddt\x64\debug\adcnyddt.pch
d:\sgfs\adcnydec\adcnyddt\x64\debug\vc143.pdb
d:\sgfs\adcnydec\adcnyddt\x64\debug\vc143.idb
d:\sgfs\adcnydec\adcnyddt\x64\debug\pch.obj
d:\sgfs\adcnydec\adcnyddt\x64\debug\sqlstore.obj
d:\sgfs\adcnydec\adcnyddt\x64\debug\dllmain.obj
d:\sgfs\adcnydec\adcnyddt\x64\debug\dbtocode.obj
d:\sgfs\adcnydec\x64\debug\adcnyddt.dll
d:\sgfs\adcnydec\x64\debug\adcnyddt.pdb
d:\sgfs\adcnydec\x64\debug\adcnyddt.lib
d:\sgfs\adcnydec\x64\debug\adcnyddt.exp
d:\sgfs\adcnydec\adcnyddt\x64\debug\adcnyddt.ilk
d:\sgfs\adcnydec\adcnyddt\x64\debug\adcnyddt.tlog\cl.command.1.tlog
d:\sgfs\adcnydec\adcnyddt\x64\debug\adcnyddt.tlog\cl.items.tlog
d:\sgfs\adcnydec\adcnyddt\x64\debug\adcnyddt.tlog\cl.read.1.tlog
d:\sgfs\adcnydec\adcnyddt\x64\debug\adcnyddt.tlog\cl.write.1.tlog
d:\sgfs\adcnydec\adcnyddt\x64\debug\adcnyddt.tlog\link.command.1.tlog
d:\sgfs\adcnydec\adcnyddt\x64\debug\adcnyddt.tlog\link.read.1.tlog
d:\sgfs\adcnydec\adcnyddt\x64\debug\adcnyddt.tlog\link.secondary.1.tlog
d:\sgfs\adcnydec\adcnyddt\x64\debug\adcnyddt.tlog\link.write.1.tlog
