d:\driveforminfo\adcnydec\adcnymvs\x64\release\adcnymvs.pch
d:\driveforminfo\adcnydec\adcnymvs\x64\release\vc143.pdb
d:\driveforminfo\adcnydec\adcnymvs\x64\release\pch.obj
d:\driveforminfo\adcnydec\adcnymvs\x64\release\mvsware.obj
d:\driveforminfo\adcnydec\adcnymvs\x64\release\mvsstore.obj
d:\driveforminfo\adcnydec\adcnymvs\x64\release\dllmain.obj
d:\driveforminfo\adcnydec\x64\release\adcnymvs.dll
d:\driveforminfo\adcnydec\x64\release\adcnymvs.pdb
d:\driveforminfo\adcnydec\x64\release\adcnymvs.lib
d:\driveforminfo\adcnydec\x64\release\adcnymvs.exp
d:\driveforminfo\adcnydec\adcnymvs\x64\release\adcnymvs.ipdb
d:\driveforminfo\adcnydec\adcnymvs\x64\release\adcnymvs.iobj
d:\driveforminfo\adcnydec\adcnymvs\x64\release\adcnymvs.tlog\cl.command.1.tlog
d:\driveforminfo\adcnydec\adcnymvs\x64\release\adcnymvs.tlog\cl.items.tlog
d:\driveforminfo\adcnydec\adcnymvs\x64\release\adcnymvs.tlog\cl.read.1.tlog
d:\driveforminfo\adcnydec\adcnymvs\x64\release\adcnymvs.tlog\cl.write.1.tlog
d:\driveforminfo\adcnydec\adcnymvs\x64\release\adcnymvs.tlog\link.command.1.tlog
d:\driveforminfo\adcnydec\adcnymvs\x64\release\adcnymvs.tlog\link.read.1.tlog
d:\driveforminfo\adcnydec\adcnymvs\x64\release\adcnymvs.tlog\link.secondary.1.tlog
d:\driveforminfo\adcnydec\adcnymvs\x64\release\adcnymvs.tlog\link.write.1.tlog
