d:\sgfs\adcnydec\adcnycck\x64\debug\adcnycck.pch
d:\sgfs\adcnydec\adcnycck\x64\debug\vc143.pdb
d:\sgfs\adcnydec\adcnycck\x64\debug\vc143.idb
d:\sgfs\adcnydec\adcnycck\x64\debug\pch.obj
d:\sgfs\adcnydec\adcnycck\x64\debug\edgecal.obj
d:\sgfs\adcnydec\adcnycck\x64\debug\dllmain.obj
d:\sgfs\adcnydec\adcnycck\x64\debug\crack.obj
d:\sgfs\adcnydec\adcnycck\x64\debug\adcnycck.tlog\cl.command.1.tlog
d:\sgfs\adcnydec\adcnycck\x64\debug\adcnycck.tlog\cl.read.1.tlog
d:\sgfs\adcnydec\adcnycck\x64\debug\adcnycck.tlog\cl.write.1.tlog
d:\sgfs\adcnydec\adcnycck\x64\debug\adcnycck.tlog\link-cvtres.read.1.tlog
d:\sgfs\adcnydec\adcnycck\x64\debug\adcnycck.tlog\link-cvtres.write.1.tlog
d:\sgfs\adcnydec\adcnycck\x64\debug\adcnycck.tlog\link-rc.read.1.tlog
d:\sgfs\adcnydec\adcnycck\x64\debug\adcnycck.tlog\link-rc.write.1.tlog
d:\sgfs\adcnydec\adcnycck\x64\debug\adcnycck.tlog\link.command.1.tlog
d:\sgfs\adcnydec\adcnycck\x64\debug\adcnycck.tlog\link.read.1.tlog
d:\sgfs\adcnydec\adcnycck\x64\debug\adcnycck.tlog\link.read.2.tlog
d:\sgfs\adcnydec\adcnycck\x64\debug\adcnycck.tlog\link.read.3.tlog
d:\sgfs\adcnydec\adcnycck\x64\debug\adcnycck.tlog\link.read.4.tlog
d:\sgfs\adcnydec\adcnycck\x64\debug\adcnycck.tlog\link.write.1.tlog
