d:\driveforminfo\adcnydec\adcnyyoo\x64\release\adcnyyoo.pch
d:\driveforminfo\adcnydec\adcnyyoo\x64\release\vc143.pdb
d:\driveforminfo\adcnydec\adcnyyoo\x64\release\pch.obj
d:\driveforminfo\adcnydec\adcnyyoo\x64\release\yolotrt.obj
d:\driveforminfo\adcnydec\adcnyyoo\x64\release\inferstore.obj
d:\driveforminfo\adcnydec\adcnyyoo\x64\release\dllmain.obj
d:\driveforminfo\adcnydec\x64\release\adcnyyoo.dll
d:\driveforminfo\adcnydec\x64\release\adcnyyoo.pdb
d:\driveforminfo\adcnydec\x64\release\adcnyyoo.lib
d:\driveforminfo\adcnydec\x64\release\adcnyyoo.exp
d:\driveforminfo\adcnydec\adcnyyoo\x64\release\adcnyyoo.ipdb
d:\driveforminfo\adcnydec\adcnyyoo\x64\release\adcnyyoo.iobj
d:\driveforminfo\adcnydec\adcnyyoo\x64\release\adcnyyoo.tlog\cl.command.1.tlog
d:\driveforminfo\adcnydec\adcnyyoo\x64\release\adcnyyoo.tlog\cl.items.tlog
d:\driveforminfo\adcnydec\adcnyyoo\x64\release\adcnyyoo.tlog\cl.read.1.tlog
d:\driveforminfo\adcnydec\adcnyyoo\x64\release\adcnyyoo.tlog\cl.write.1.tlog
d:\driveforminfo\adcnydec\adcnyyoo\x64\release\adcnyyoo.tlog\link.command.1.tlog
d:\driveforminfo\adcnydec\adcnyyoo\x64\release\adcnyyoo.tlog\link.read.1.tlog
d:\driveforminfo\adcnydec\adcnyyoo\x64\release\adcnyyoo.tlog\link.secondary.1.tlog
d:\driveforminfo\adcnydec\adcnyyoo\x64\release\adcnyyoo.tlog\link.write.1.tlog
