d:\sgfs\adcnydec\adcnyyoo\x64\debug\adcnyyoo.pch
d:\sgfs\adcnydec\adcnyyoo\x64\debug\vc143.pdb
d:\sgfs\adcnydec\adcnyyoo\x64\debug\vc143.idb
d:\sgfs\adcnydec\adcnyyoo\x64\debug\pch.obj
d:\sgfs\adcnydec\adcnyyoo\x64\debug\yolotrt.obj
d:\sgfs\adcnydec\adcnyyoo\x64\debug\inferstore.obj
d:\sgfs\adcnydec\adcnyyoo\x64\debug\dllmain.obj
d:\sgfs\adcnydec\x64\debug\adcnyyoo.dll
d:\sgfs\adcnydec\x64\debug\adcnyyoo.pdb
d:\sgfs\adcnydec\x64\debug\adcnyyoo.lib
d:\sgfs\adcnydec\x64\debug\adcnyyoo.exp
d:\sgfs\adcnydec\adcnyyoo\x64\debug\adcnyyoo.ilk
d:\sgfs\adcnydec\adcnyyoo\x64\debug\adcnyyoo.tlog\cl.command.1.tlog
d:\sgfs\adcnydec\adcnyyoo\x64\debug\adcnyyoo.tlog\cl.items.tlog
d:\sgfs\adcnydec\adcnyyoo\x64\debug\adcnyyoo.tlog\cl.read.1.tlog
d:\sgfs\adcnydec\adcnyyoo\x64\debug\adcnyyoo.tlog\cl.write.1.tlog
d:\sgfs\adcnydec\adcnyyoo\x64\debug\adcnyyoo.tlog\link.command.1.tlog
d:\sgfs\adcnydec\adcnyyoo\x64\debug\adcnyyoo.tlog\link.read.1.tlog
d:\sgfs\adcnydec\adcnyyoo\x64\debug\adcnyyoo.tlog\link.secondary.1.tlog
d:\sgfs\adcnydec\adcnyyoo\x64\debug\adcnyyoo.tlog\link.write.1.tlog
