d:\sgfs\adcnydec\adcnyfam\x64\debug\adcnyfam.pch
d:\sgfs\adcnydec\adcnyfam\x64\debug\vc143.pdb
d:\sgfs\adcnydec\adcnyfam\x64\debug\vc143.idb
d:\sgfs\adcnydec\adcnyfam\x64\debug\pch.obj
d:\sgfs\adcnydec\adcnyfam\x64\debug\wholedec.obj
d:\sgfs\adcnydec\adcnyfam\x64\debug\edgcaltcm.obj
d:\sgfs\adcnydec\adcnyfam\x64\debug\dllmain.obj
d:\sgfs\adcnydec\x64\debug\adcnyfam.dll
d:\sgfs\adcnydec\x64\debug\adcnyfam.pdb
d:\sgfs\adcnydec\x64\debug\adcnyfam.lib
d:\sgfs\adcnydec\x64\debug\adcnyfam.exp
d:\sgfs\adcnydec\adcnyfam\x64\debug\adcnyfam.ilk
d:\sgfs\adcnydec\adcnyfam\x64\debug\adcnyfam.tlog\cl.command.1.tlog
d:\sgfs\adcnydec\adcnyfam\x64\debug\adcnyfam.tlog\cl.items.tlog
d:\sgfs\adcnydec\adcnyfam\x64\debug\adcnyfam.tlog\cl.read.1.tlog
d:\sgfs\adcnydec\adcnyfam\x64\debug\adcnyfam.tlog\cl.write.1.tlog
d:\sgfs\adcnydec\adcnyfam\x64\debug\adcnyfam.tlog\link.command.1.tlog
d:\sgfs\adcnydec\adcnyfam\x64\debug\adcnyfam.tlog\link.read.1.tlog
d:\sgfs\adcnydec\adcnyfam\x64\debug\adcnyfam.tlog\link.secondary.1.tlog
d:\sgfs\adcnydec\adcnyfam\x64\debug\adcnyfam.tlog\link.write.1.tlog
