d:\driveforminfo\adcnydec\adcnyvds\x64\release\adcnyvds.pch
d:\driveforminfo\adcnydec\adcnyvds\x64\release\vc143.pdb
d:\driveforminfo\adcnydec\adcnyvds\x64\release\pch.obj
d:\driveforminfo\adcnydec\adcnyvds\x64\release\flysilkdec.obj
d:\driveforminfo\adcnydec\adcnyvds\x64\release\edgecalsilk.obj
d:\driveforminfo\adcnydec\adcnyvds\x64\release\dllmain.obj
d:\driveforminfo\adcnydec\x64\release\adcnyvds.dll
d:\driveforminfo\adcnydec\x64\release\adcnyvds.pdb
d:\driveforminfo\adcnydec\x64\release\adcnyvds.lib
d:\driveforminfo\adcnydec\x64\release\adcnyvds.exp
d:\driveforminfo\adcnydec\adcnyvds\x64\release\adcnyvds.ipdb
d:\driveforminfo\adcnydec\adcnyvds\x64\release\adcnyvds.iobj
d:\driveforminfo\adcnydec\adcnyvds\x64\release\adcnyvds.tlog\cl.command.1.tlog
d:\driveforminfo\adcnydec\adcnyvds\x64\release\adcnyvds.tlog\cl.items.tlog
d:\driveforminfo\adcnydec\adcnyvds\x64\release\adcnyvds.tlog\cl.read.1.tlog
d:\driveforminfo\adcnydec\adcnyvds\x64\release\adcnyvds.tlog\cl.write.1.tlog
d:\driveforminfo\adcnydec\adcnyvds\x64\release\adcnyvds.tlog\link.command.1.tlog
d:\driveforminfo\adcnydec\adcnyvds\x64\release\adcnyvds.tlog\link.read.1.tlog
d:\driveforminfo\adcnydec\adcnyvds\x64\release\adcnyvds.tlog\link.secondary.1.tlog
d:\driveforminfo\adcnydec\adcnyvds\x64\release\adcnyvds.tlog\link.write.1.tlog
